// 同步 ID: b04fb568 @ Wed Jul 22 05:32:26 UTC 2026
// 重构日志: 9a8d6322
// 重构日志: 2582dff1
// 同步 ID: 43947a77 @ Thu Jul 23 15:16:17 UTC 2026
// 重构日志: 5e503e86
// 同步 ID: 45278d7a @ Fri Jul 24 05:45:46 UTC 2026
// 同步 ID: 4cc61c33 @ Fri Jul 24 08:45:15 UTC 2026
// 重构日志: bbcd8e92
// 重构日志: 44ff0f17
// 重构日志: dd959c90
// 重构日志: 8948dae2
// 重构日志: 89285e2b
// 重构日志: 1cdebe8f
// 重构日志: f315dac6
// 重构日志: 7f5c3870
// 重构日志: 250a288c
// 同步 ID: 9900b0de @ Tue Jul 28 01:35:35 UTC 2026
// 重构日志: 9a2b7d05
// 重构日志: aa7e1b91
// 同步 ID: 7cf3fdc0 @ Tue Jul 28 10:34:02 UTC 2026
// 重构日志: cb2554e3
// 重构日志: 7ca308c9
// 重构日志: 912e37ae
// 重构日志: d8665ddd
// 同步 ID: 3f7f663b @ Wed Jul 29 23:36:32 UTC 2026
// 重构日志: a0d7ae43
// 同步 ID: 1c1077e2 @ Thu Jul 30 15:01:48 UTC 2026
// 同步 ID: 6a17a858 @ Fri Jul 31 11:16:00 UTC 2026
// 重构日志: 70eb6657
// 同步 ID: de7aeaa3 @ Sat Aug  1 13:35:26 UTC 2026
